// Jest Snapshot v1, https://goo.gl/fbAQLP

exports[`should render without problems should render the calculator 1`] = `
<div
  className="container"
>
  <div
    className="d-grid gray"
  >
    <div
      className="g-item gray"
      style={
        Object {
          "fontSize": "4rem",
          "gridColumn": "1/5",
          "justifyContent": "flex-end",
        }
      }
    >
      0
    </div>
    <button
      className="g-item white"
      onClick={[Function]}
      type="button"
    >
      AC
    </button>
    <button
      className="g-item white"
      onClick={[Function]}
      type="button"
    >
      +/-
    </button>
    <button
      className="g-item white"
      onClick={[Function]}
      type="button"
    >
      %
    </button>
    <button
      className="g-item orange"
      onClick={[Function]}
      type="button"
    >
      รท
    </button>
    <button
      className="g-item white"
      onClick={[Function]}
      type="button"
    >
      7
    </button>
    <button
      className="g-item white"
      onClick={[Function]}
      type="button"
    >
      8
    </button>
    <button
      className="g-item white"
      onClick={[Function]}
      type="button"
    >
      9
    </button>
    <button
      className="g-item orange"
      onClick={[Function]}
      type="button"
    >
      x
    </button>
    <button
      className="g-item white"
      onClick={[Function]}
      type="button"
    >
      4
    </button>
    <button
      className="g-item white"
      onClick={[Function]}
      type="button"
    >
      5
    </button>
    <button
      className="g-item white"
      onClick={[Function]}
      type="button"
    >
      6
    </button>
    <button
      className="g-item orange"
      onClick={[Function]}
      type="button"
    >
      -
    </button>
    <button
      className="g-item white"
      onClick={[Function]}
      type="button"
    >
      1
    </button>
    <button
      className="g-item white"
      onClick={[Function]}
      type="button"
    >
      2
    </button>
    <button
      className="g-item white"
      onClick={[Function]}
      type="button"
    >
      3
    </button>
    <button
      className="g-item orange"
      onClick={[Function]}
      type="button"
    >
      +
    </button>
    <button
      className="g-item white"
      onClick={[Function]}
      style={
        Object {
          "gridColumn": "1/3",
        }
      }
      type="button"
    >
      0
    </button>
    <button
      className="g-item white"
      onClick={[Function]}
      type="button"
    >
      .
    </button>
    <button
      className="g-item orange"
      onClick={[Function]}
      type="button"
    >
      =
    </button>
  </div>
</div>
`;
